// Jest Snapshot v1, https://goo.gl/fbAQLP

exports[`FormSelect renders 1`] = `
<div
  className="sc-bdnxRM PrveY"
>
  <div
    className="sc-gtsrHT iqIMdq form-field"
  >
    <label
      htmlFor="test-id"
    >
      select label
    </label>
    <select
      data-testid="select-test-id"
      id="test-id"
      onBlur={[Function]}
      onFocus={[Function]}
      onKeyDown={[Function]}
      placeholder=""
    >
      <option
        disabled={true}
        value="value"
      >
        label
      </option>
      <option
        value="value1"
      >
        label1
      </option>
    </select>
    <svg
      className="sc-dlnjwi bWaqfy"
      fill="#000000"
      height="24px"
      viewBox="0 0 24 24"
      width="24px"
      xmlns="http://www.w3.org/2000/svg"
    >
      <path
        d="M0 0h24v24H0V0z"
        fill="none"
      />
      <path
        d="M7 10l5 5 5-5H7z"
      />
    </svg>
  </div>
</div>
`;
